// Jest Snapshot v1, https://goo.gl/fbAQLP

exports[`renders a snapshot properly 1`] = `
<DocumentFragment>
  <div>
    <h1
      class="title is-1"
    >
      Job Search
    </h1>
    <hr />
    <br />
    <form>
      <div
        class="field"
      >
        <label
          class="label"
          for="input-words"
        >
          Words
        </label>
        <input
          class="input"
          id="input-words"
          name="words"
          placeholder="Enter words. You can add multiple words separeated by comma."
          type="text"
          value=""
        />
      </div>
      <div
        class="field"
      >
        <label
          class="label"
          for="input-locations"
        >
          Locations
        </label>
        <input
          class="input"
          id="input-locations"
          name="locations"
          placeholder="Enter locations. You can add multiple locations separeated by comma."
          type="text"
          value=""
        />
      </div>
      <input
        class="button is-primary"
        type="submit"
        value="Submit"
      />
    </form>
  </div>
</DocumentFragment>
`;
